ioctltests
tty0 detached 

tty0 connected
Console connected
tty0 disconnected 
tty0 detatched 
ioctl TESTS PASS:
$ echo $?
0
$ pouch start ctemp
Pouch: ctemp starting
$ echo $?
0
$ cat /cgroup/ctemp/io.stat
1:1 rbytes=0 wbytes=0 rios=0 wios=0
pouch connect ctemp
$ 
tty0 connected
cat /cgroup/ctemp/io.stat
1:1 rbytes=26 wbytes=0 rios=26 wios=0

echo 12345678901234567890
$ 12345678901234567890
$ cat /cgroup/ctemp/io.stat
1:1 rbytes=78 wbytes=64 rios=78 wios=7
pouch disconnect

$ Console connected
pouch destroy ctemp
Pouch: ctemp destroyed
$ pouch start ctest
Pouch: ctest starting
$ echo $?
0
$ cat /cgroup/ctest/io.stat
1:1 rbytes=95 wbytes=106 rios=95 wios=11
pouch destroy ctest
$ Pouch: ctest destroyed
$ cp f1
cp requires two arguments: source and target
$ cp f1 f2
can't locate f1
$ echo test > f1
$ cp f1 d1/f1
can't create d1/f1, make sure the entire path exists
$ cp f1 f2
$ cat f2
test
$ mkdir d1
$ echo test > d1/f1
$ mkdir d2
$ cp d1 d2
$ cat d2/f1
test
$ mkdir d3
$ mkdir d3/d4
$ echo test > d3/d4/f1
$ mkdir t1
$ cp d3 t1
$ cat t1/d4/f1
test
$ mkdir /a /b
$ echo test > /a/c
$ cp /a /b/
$ cat /b/c
test
$ mkdir bind_tests
cd bind_tests
$ $ mkdir d1 d2
$ echo test > d2/somefile
$ mount -t bind d1 d2
$ cat d1/somefile
test
$ umount d1
$ mkdir d3 d4
$ echo test > d4/somefile
$ mount -t bind d3 d4
$ rm d3/somefile
$ cat d4/somefile
cat: cannot open d4/somefile
$ umount d3
$ mkdir d5
$ mount -t bind / d5
Can't mount root directory
$ mount -t bind d5 /
$ echo test > d5/somefile
$ cat /somefile
test
$ umount d5
$ mkdir d6
$ echo test > somefile
$ mount -t bind somefile d6
mount point is not a directory
$ cd ..
$ mkdir orig
$ echo $?
0
$ echo test > orig/tfile
$ echo $?
0
$ mkdir bind_f
$ echo $?
0
$ mount -t bind bind_f orig
$ echo $?
0
$ cat bind_f/tfile
test
umount bind_f
$ $ echo $?
0
$ cat bind_f/tfile
cat: cannot open bind_f/tfile
pouch start c1
$ Pouch: c1 starting
pid
$ PID: 2
$ echo $?
0
$ pouch connect c1

tty0 connected
pid
PID: 1
$ echo $?
0
$ echo test > testfile
$ cat testfile
test
$ pouch disconnect
Console connected
pid
PID: 2
$ echo $?
0
$ ls c1
c1             2 94 24
pouch destroy c1
$ Pouch: c1 destroyed
$ echo $?
0
$ ls c1
ls: cannot open c1cd baddirname_itdoesntexist

$ cannot cd baddirname_itdoesntexist
$ echo $?
-2
$ thereisnosuchcommand
exec thereisnosuchcommand failed
$ echo $?
1
$ pouch images
mkdir /images/test_image
$ pouch images
$ test_image    
$ mkdir d5 d6
$ echo $?
0
$ mkdir d5/objfs1 d5/objfs2
$ echo $?
0
$ mount -t objfs d5/objfs1
$ echo $?
0
$ mkdir d5/objfs1/some_dir
$ echo $?
0
$ mkdir d5/objfs1/some_dir/some_dir2
$ echo $?
0
$ echo test > d5/objfs1/some_dir/some_dir2/some_file
$ echo $?
0
$ mount -t objfs d5/objfs2
$ echo $?
0
$ mkdir d5/objfs2/d1
$ echo $?
0
$ mkdir d5/objfs2/d2
$ echo $?
0
$ echo test2 > d5/objfs2/d2/tfile
$ echo $?
0
$ cp d5 d6
$ echo $?
0
$ cat d6/objfs1/some_dir/some_dir2/some_file
test
cat d6/objfs2/d2/tfile
$ test2
umount d5/objfs1
$ $ echo $?
0
$ umount d5/objfs2
$ echo $?
0
$ pouch start c1
Pouch: c1 starting
$ echo $?
0
$ pouch destroy c1
Pouch: c1 destroyed
$ echo $?
0
$ pouch start c1
Pouch: c1 starting
$ echo $?
0
$ pouch destroy c1
Pouch: c1 destroyed
$ echo $?
0
$ pouch start c1
Pouch: c1 starting
$ echo $?
0
$ pouch destroy c1
Pouch: c1 destroyed
$ echo $?
0
$ pouch start c1
Pouch: c1 starting
$ echo $?
0
$ pouch destroy c1
Pouch: c1 destroyed
$ echo $?
0
$ pouch start c1
Pouch: c1 starting
$ echo $?
0
$ pouch destroy c1
Pouch: c1 destroyed
$ echo $?
0
$ pouch start c1
Pouch: c1 starting
$ echo $?
0
$ pouch destroy c1
Pouch: c1 destroyed
$ echo $?
0
$ pouch start c1
Pouch: c1 starting
$ echo $?
0
$ pouch destroy c1
Pouch: c1 destroyed
$ echo $?
0
$ pouch start c1
Pouch: c1 starting
$ echo $?
0
$ pouch destroy c1
Pouch: c1 destroyed
$ echo $?
0
$ pouch start c1
Pouch: c1 starting
$ echo $?
0
$ pouch destroy c1
Pouch: c1 destroyed
$ echo $?
0
$ pouch start c1
Pouch: c1 starting
$ echo $?
0
$ pouch destroy c1
Pouch: c1 destroyed
$ echo $?
0
$ mkdir /cgroup/c5
$ echo $?
0
$ pouch start c5
Pouch: c5 starting
cgroup already exists
Pouch: Failed to create cgroup with the given name. Consider another container name: c5 
pouch start c1
$ Pouch: c1 starting
pouch start c2
$ Pouch: c2 starting
pouch start c3
$ Pouch: c3 startingpouch start c4

$ Pouch: cannot create more containers
$ pouch list all
     Pouch containers:
1. c1 : started 
2. c2 : started 
3. c3 : started 
pouch connect c1
$ 
tty0 connected

pouch list all
$ 
Pouch commands inside containers:
       pouch disconnect 
          : disconnect a currently connected container
       pouch info
          : query information about currently connected container
$ echo $?
0
$ pouch disconnect
Console connected
pid
PID: 2
$ echo $?
0
$ pouch disconnect c6
Pouch: no container is connected
$ pouch disconnect

Pouch commands outside containers:
       pouch start {name}
          : starts a new container
          - {name} : container name
       pouch connect {name}
          : connect already started container
          - {name} : container name
       pouch destroy {name}
          : destroy a container
          - {name} : container name
       pouch info {name}
          : query information about a container
          - {name} : container name
       pouch list all
          : displays state of all created containers
      
containers cgroups:
       pouch cgroup {cname} {state-object} [value]
          : limit given cgroup state-object
          - {name} : container name
          - {state-object} : cgroups state-object. Refer spec.
          - [value] : argument for the state-object, multiple values delimited by ','
      
pouch images:
       pouch images
          : list pouch images in the system.
       pouch build [--file filename=Pouchfile] [--tag Tag=default]
          : build a new pouch image using the specified parameters
          - {--file} : The pouch file name to use for building the container.
          - {--tag} : The tag to use for the output image
$ echo $?
0
$ pid
PID: 2
$ echo $?
0
$ pouch info

Pouch commands outside containers:
       pouch start {name}
          : starts a new container
          - {name} : container name
       pouch connect {name}
          : connect already started container
          - {name} : container name
       pouch destroy {name}
          : destroy a container
          - {name} : container name
       pouch info {name}
          : query information about a container
          - {name} : container name
       pouch list all
          : displays state of all created containers
      
containers cgroups:
       pouch cgroup {cname} {state-object} [value]
          : limit given cgroup state-object
          - {name} : container name
          - {state-object} : cgroups state-object. Refer spec.
          - [value] : argument for the state-object, multiple values delimited by ','
      
pouch images:
       pouch images
          : list pouch images in the system.
       pouch build [--file filename=Pouchfile] [--tag Tag=default]
          : build a new pouch image using the specified parameters
          - {--file} : The pouch file name to use for building the container.
          - {--tag} : The tag to use for the output image
$ echo $?
0
$ pouch info c6
There is no container: c6 in a started stage
Ppouch start c1
ouch: operation failed.
$ Pouch: cannot create more containers
$ pouch cgroup c1 cpu.max 10000,20000
Pouch: c1 cgroup applied 
cat /cgroup/c1/cpu.max
$ max - 10000
period - 20000
echo IMPORT abc > Pouchfile
pouch$  build
$ Building pouch image from "Pouchfile" to tag "default"...
Built image to tag "default".
$ echo $?
0
$ pouch build --tag hello
Building pouch image from "Pouchfile" to tag "hello"...
Built image to tag "hello".
$ echo $?
0
$ echo IMPORT abc > MyFile
pouch build --file MyFile
$ Building pouch image from "MyFile" to tag "default"...
Built image to tag "default".
$ echo $?
0
$ echo IMPORT abc > MyPouchFile
pouch build --file MyPouchFile --tag myimagetag
$ Building pouch image from "MyPouchFile" to tag "myimagetag"...
Built image to tag "myimagetag".
$ echo $?
0
$ echo IMPORT abc > My22PouchFile
pouch build --tag my3imagetag --file My22PouchFile
$ Building pouch image from "My22PouchFile" to tag "my3imagetag"...
Built image to tag "my3imagetag".
$ echo $?
0
$ pouch build add
Error: Unexpected argument add!

       pouch build [--file filename=Pouchfile] [--tag Tag=default]
          : build a new pouch image using the specified parameters
          - {--file} : The pouch file name to use for building the container.
          - {--tag} : The tag to use for the output image
$ echo $?
1
$ pouch build --abb b
Error: Unexpected argument --abb!

       pouch build [--file filename=Pouchfile] [--tag Tag=default]
          : build a new pouch image using the specified parameters
          - {--file} : The pouch file name to use for building the container.
          - {--tag} : The tag to use for the output image
$ echo $?
1
$ pouch build --tag
Error: Expected tag name after --tag

       pouch build [--file filename=Pouchfile] [--tag Tag=default]
          : build a new pouch image using the specified parameters
          - {--file} : The pouch file name to use for building the container.
          - {--tag} : The tag to use for the output image
$ echo $?
1
$ pouch build --file a --tag
Error: Expected tag name after --tag

       pouch build [--file filename=Pouchfile] [--tag Tag=default]
          : build a new pouch image using the specified parameters
          - {--file} : The pouch file name to use for building the container.
          - {--tag} : The tag to use for the output image
$ echo $?
1
$ pouch build --file --tag jkjk
Error: Unexpected argument jkjk!

       pouch build [--file filename=Pouchfile] [--tag Tag=default]
          : build a new pouch image using the specified parameters
          - {--file} : The pouch file name to use for building the container.
          - {--tag} : The tag to use for the output image
$ echo $?
1
$ pouch build --file
Error: Expected file name after --file

       pouch build [--file filename=Pouchfile] [--tag Tag=default]
          : build a new pouch image using the specified parameters
          - {--file} : The pouch file name to use for building the container.
          - {--tag} : The tag to use for the output image
$ echo $?
1
$ pouch build --file a --file b
Error: Specified more than one --file argument.

       pouch build [--file filename=Pouchfile] [--tag Tag=default]
          : build a new pouch image using the specified parameters
          - {--file} : The pouch file name to use for building the container.
          - {--tag} : The tag to use for the output image
$ echo $?
1
$ pouch build --file a --tag b --file b
Error: Specified more than one --file argument.

       pouch build [--file filename=Pouchfile] [--tag Tag=default]
          : build a new pouch image using the specified parameters
          - {--file} : The pouch file name to use for building the container.
          - {--tag} : The tag to use for the output image
$ echo $?
1
$ pouch build --tag a --file b --tag b
Error: Specified more than one --tag argument.

       pouch build [--file filename=Pouchfile] [--tag Tag=default]
          : build a new pouch image using the specified parameters
          - {--file} : The pouch file name to use for building the container.
          - {--tag} : The tag to use for the output image
$ echo $?
1
$ pouch build --file Valid1.Pouchfile
Building pouch image from "Valid1.Pouchfile" to tag "default"...
Built image to tag "default".
$ echo $?
0
$ pouch build --file Valid2.Pouchfile
Building pouch image from "Valid2.Pouchfile" to tag "default"...
Built image to tag "default".
$ echo $?
0
$ pouch build --file ValidSyntax1.Pouchfile
Building pouch image from "ValidSyntax1.Pouchfile" to tag "default"...
Built image to tag "default".
$ echo $?
0
$ pouch build --file ValidSyntax2.Pouchfile
Building pouch image from "ValidSyntax2.Pouchfile" to tag "default"...
Built image to tag "default".
$ echo $?
0
$ pouch build --file Invalid1.Pouchfile
Building pouch image from "Invalid1.Pouchfile" to tag "default"...
Failed to find import directive in first line of Pouchfile: RUN
Error parsing Pouchfile Invalid1.Pouchfile
$ echo $?
1
$ pouch build --file Invalid2.Pouchfile
Building pouch image from "Invalid2.Pouchfile" to tag "default"...
Failed to find image name for import directive in first line of Pouchfile: IMPORT
Error parsing Pouchfile Invalid2.Pouchfile
$ echo $?
1
$ pouch build --file Invalid3.Pouchfile
Building pouch image from "Invalid3.Pouchfile" to tag "default"...
Failed to find run argument in first line of Pouchfile
Error parsing Pouchfile Invalid3.Pouchfile
$ echo $?
1
$ pouch build --file Invalid4.Pouchfile
Building pouch image from "Invalid4.Pouchfile" to tag "default"...
Failed to find image name for import directive in first line of Pouchfile: IMPORT
Error parsing Pouchfile Invalid4.Pouchfile
$ echo $?
1
$ pouch build --file Invalid5.Pouchfile
Building pouch image from "Invalid5.Pouchfile" to tag "default"...
No import line found in Pouchfile
Error parsing Pouchfile Invalid5.Pouchfile
$ echo $?
1
$ pouch build --file Invalid6.Pouchfile
Building pouch image from "Invalid6.Pouchfile" to tag "default"...
Failed to find import directive in first line of Pouchfile: aIMPORT
Error parsing Pouchfile Invalid6.Pouchfile
$ echo $?
1
$ pouch build --file Invalid7.Pouchfile
Building pouch image from "Invalid7.Pouchfile" to tag "default"...
Failed to find import directive in first line of Pouchfile: IMPORTa
Error parsing Pouchfile Invalid7.Pouchfile
$ echo $?
1
$ pouch build --file Invalid8.Pouchfile
Building pouch image from "Invalid8.Pouchfile" to tag "default"...
Failed to find run directive in first line of Pouchfile
Error parsing Pouchfile Invalid8.Pouchfile
$ echo $?
1
$ pouch build --file Invalid9.Pouchfile
Building pouch image from "Invalid9.Pouchfile" to tag "default"...
Failed to find run directive in first line of Pouchfile
Error parsing Pouchfile Invalid9.Pouchfile
$ echo $?
1
$ pidns_tests
Running all pidns tests
Pidns tests passed successfully
$ echo $?
0
$ mounttest
Running all mounttest
sb: size 80 nblocks 28 ninodes 300 nlog 30 logstart 2 inodestart 32 bmap start 51
sb: size 80 nblocks 28 ninodes 300 nlog 30 logstart 2 inodestart 32 bmap start 51
sb: size 80 nblocks 28 ninodes 300 nlog 30 logstart 2 inodestart 32 bmap start 51
sb: size 80 nblocks 28 ninodes 300 nlog 30 logstart 2 inodestart 32 bmap start 51
sb: size 80 nblocks 28 ninodes 300 nlog 30 logstart 2 inodestart 32 bmap start 51
current->mnt.parent == 0
current->mnt.parent == 0
sb: size 80 nblocks 28 ninodes 300 nlog 30 logstart 2 inodestart 32 bmap start 51
sb: size 80 nblocks 28 ninodes 300 nlog 30 logstart 2 inodestart 32 bmap start 51
sb: size 80 nblocks 28 ninodes 300 nlog 30 logstart 2 inodestart 32 bmap start 51
sb: size 80 nblocks 28 ninodes 300 nlog 30 logstart 2 inodestart 32 bmap start 51
sb: size 80 nblocks 28 ninodes 300 nlog 30 logstart 2 inodestart 32 bmap start 51
sb: size 80 nblocks 28 ninodes 300 nlog 30 logstart 2 inodestart 32 bmap start 51
sb: size 80 nblocks 28 ninodes 300 nlog 30 logstart 2 inodestart 32 bmap start 51
sb: size 80 nblocks 28 ninodes 300 nlog 30 logstart 2 inodestart 32 bmap start 51
sb: size 80 nblocks 28 ninodes 300 nlog 30 logstart 2 inodestart 32 bmap start 51
sb: size 80 nblocks 28 ninodes 300 nlog 30 logstart 2 inodestart 32 bmap start 51
sb: size 80 nblocks 28 ninodes 300 nlog 30 logstart 2 inodestart 32 bmap start 51
sb: size 80 nblocks 28 ninodes 300 nlog 30 logstart 2 inodestart 32 bmap start 51
sb: size 80 nblocks 28 ninodes 300 nlog 30 logstart 2 inodestart 32 bmap start 51
sb: size 80 nblocks 28 ninodes 300 nlog 30 logstart 2 inodestart 32 bmap start 51
sb: size 80 nblocks 28 ninodes 300 nlog 30 logstart 2 inodestart 32 bmap start 51
mounttest tests passed successfully
$ echo $?
0
$ mkdir test_dir_mount_test
$ echo $?
0
$ mount internal_fs_a test_dir_mount_test
sb: size 80 nblocks 28 ninodes 300 nlog 30 logstart 2 inodestart 32 bmap start 51
$ echo $?
0
$ ls test_dir_mount_test
.              1 1 1024
..             1 1 1616
test1          2 2 3
ttt            1 3 48
b              1 5 32
devicefilestor 2 6 6
umountwithop   2 7 0
$ echo $?
0
$ umount test_dir_mount_test
$ echo $?
0
$ rm test_dir_mount_test
$ echo $?
0
$ objfstests
objfstests starting
createdelete test
createdelete ok
create many files
create many files ok
linkunlink test
linkunlink ok
concreate test
concreate ok
fourfiles test
fourfiles ok
sharedfd test
sharedfd ok
open test
open test ok
small file test
create small succeeded; ok
writes ok
open small succeeded ok
read succeeded ok
small file test ok
big files test
read content of block 0 is 768
$ echo $?
0
$ usertests
usertests starting
printftest starting
hello world!?#~$&*()-=+\][{}|/
check integer 53 number
check pointer address EF94
check hexa number 0x35
check double percent %
unknown type %z
string is null test (null)
printftest passed
arg test passed
createdelete test
createdelete ok
linkunlink test
linkunlink ok
concreate test
concreate ok
fourfiles test
fourfiles ok
sharedfd test
sharedfd ok
bigarg test
bigarg test ok
bigwrite test
bigwrite ok
bigarg test
bigarg test ok
bss test
bss test ok
sbrk test
pid 372 usertests: trap 14 err 5 on cpu 1 eip 0x3532 addr 0x80000000--kill proc
pid 373 usertests: trap 14 err 5 on cpu 1 eip 0x3532 addr 0x8000c350--kill proc
pid 374 usertests: trap 14 err 5 on cpu 1 eip 0x3532 addr 0x800186a0--kill proc
pid 375 usertests: trap 14 err 5 on cpu 1 eip 0x3532 addr 0x800249f0--kill proc
pid 376 usertests: trap 14 err 5 on cpu 1 eip 0x3532 addr 0x80030d40--kill proc
pid 377 usertests: trap 14 err 5 on cpu 1 eip 0x3532 addr 0x8003d090--kill proc
pid 378 usertests: trap 14 err 5 on cpu 1 eip 0x3532 addr 0x800493e0--kill proc
pid 379 usertests: trap 14 err 5 on cpu 1 eip 0x3532 addr 0x80055730--kill proc
pid 380 usertests: trap 14 err 5 on cpu 1 eip 0x3532 addr 0x80061a80--kill proc
pid 381 usertests: trap 14 err 5 on cpu 1 eip 0x3532 addr 0x8006ddd0--kill proc
pid 382 usertests: trap 14 err 5 on cpu 1 eip 0x3532 addr 0x8007a120--kill proc
pid 383 usertests: trap 14 err 5 on cpu 1 eip 0x3532 addr 0x80086470--kill proc
pid 384 usertests: trap 14 err 5 on cpu 1 eip 0x3532 addr 0x800927c0--kill proc
pid 385 usertests: trap 14 err 5 on cpu 1 eip 0x3532 addr 0x8009eb10--kill proc
pid 386 usertests: trap 14 err 5 on cpu 1 eip 0x3532 addr 0x800aae60--kill proc
pid 387 usertests: trap 14 err 5 on cpu 1 eip 0x3532 addr 0x800b71b0--kill proc
pid 388 usertests: trap 14 err 5 on cpu 1 eip 0x3532 addr 0x800c3500--kill proc
pid 389 usertests: trap 14 err 5 on cpu 1 eip 0x3532 addr 0x800cf850--kill proc
pid 390 usertests: trap 14 err 5 on cpu 1 eip 0x3532 addr 0x800dbba0--kill proc
pid 391 usertests: trap 14 err 5 on cpu 1 eip 0x3532 addr 0x800e7ef0--kill proc
pid 392 usertests: trap 14 err 5 on cpu 1 eip 0x3532 addr 0x800f4240--kill proc
pid 393 usertests: trap 14 err 5 on cpu 1 eip 0x3532 addr 0x80100590--kill proc
pid 394 usertests: trap 14 err 5 on cpu 1 eip 0x3532 addr 0x8010c8e0--kill proc
pid 395 usertests: trap 14 err 5 on cpu 1 eip 0x3532 addr 0x80118c30--kill proc
pid 396 usertests: trap 14 err 5 on cpu 1 eip 0x3532 addr 0x80124f80--kill proc
pid 397 usertests: trap 14 err 5 on cpu 1 eip 0x3532 addr 0x801312d0--kill proc
pid 398 usertests: trap 14 err 5 on cpu 1 eip 0x3532 addr 0x8013d620--kill proc
pid 399 usertests: trap 14 err 5 on cpu 1 eip 0x3532 addr 0x80149970--kill proc
pid 400 usertests: trap 14 err 5 on cpu 1 eip 0x3532 addr 0x80155cc0--kill proc
pid 401 usertests: trap 14 err 5 on cpu 1 eip 0x3532 addr 0x80162010--kill proc
pid 402 usertests: trap 14 err 5 on cpu 1 eip 0x3532 addr 0x8016e360--kill proc
pid 403 usertests: trap 14 err 5 on cpu 1 eip 0x3532 addr 0x8017a6b0--kill proc
pid 404 usertests: trap 14 err 5 on cpu 1 eip 0x3532 addr 0x80186a00--kill proc
pid 405 usertests: trap 14 err 5 on cpu 1 eip 0x3532 addr 0x80192d50--kill proc
pid 406 usertests: trap 14 err 5 on cpu 1 eip 0x3532 addr 0x8019f0a0--kill proc
pid 407 usertests: trap 14 err 5 on cpu 1 eip 0x3532 addr 0x801ab3f0--kill proc
pid 408 usertests: trap 14 err 5 on cpu 1 eip 0x3532 addr 0x801b7740--kill proc
pid 409 usertests: trap 14 err 5 on cpu 1 eip 0x3532 addr 0x801c3a90--kill proc
pid 410 usertests: trap 14 err 5 on cpu 1 eip 0x3532 addr 0x801cfde0--kill proc
pid 411 usertests: trap 14 err 5 on cpu 1 eip 0x3532 addr 0x801dc130--kill proc
allocuvm out of memory
allocuvm out of memory
allocuvm out of memory
allocuvm out of memory
allocuvm out of memory
allocuvm out of memory
allocuvm out of memory
allocuvm out of memory
sbrk test OK
validate test
validate ok
open test
open test ok
open exclusive test
open exclusive test ok
small file test
creat small succeeded; ok
writes ok
open small succeeded ok
read succeeded ok
small file test ok
big files test
big files ok
many creates, followed by unlink test
many creates, followed by unlink; ok
openiput test
openiput test ok
exitiput test
exitiput test ok
iput test
iput test ok
mem test
allocuvm out of memory
mem ok
pipe1 ok
preempt: kill... wait... preempt ok
exitwait ok
rmdot test
rmdot ok
fourteen test
fourteen ok
bigfile test
bigfile test ok
subdir test
subdir ok
linktest
linktest ok
unlinkread test
unlinkread ok
dir vs file
dir vs file OK
empty file name
empty file name OK
fork test
fork test OK
bigdir test
bigdir ok
Free Memory Pages:
  counter: 54329
  list:    54329
  errors:  0
memtest: memory ok
uio test
pid 860 usertests: trap 13 err 0 on cpu 1 eip 0x3b07 addr 0x801dc130--kill proc
uio test done
exitrctest ok
exec test
ALL TESTS PASSED
$ echo $?
0
$ 